2026-10-02 02:10:35,454 - INFO - Matplotlib 字体设置：使用回退字体列表，首选可用字体: Noto Sans CJK SC
2026-10-02 02:10:37,375 - INFO - 使用指定 ChromeDriver: /usr/bin/chromedriver
2026-10-02 02:10:37,479 - INFO - ddddocr 识别器初始化成功
2026-10-02 02:10:37,653 - INFO - captcha-recognizer 滑块识别模型初始化成功
2026-10-02 02:10:37,653 - INFO - 开始南京大学电费监控流程（自动无头模式）
2026-10-02 02:10:37,653 - INFO - 已初始化并清空验证码图片目录: /home/runner/work/nju_electric_monitor/nju_electric_monitor/src/../data/captcha_workflow
2026-10-02 02:10:37,653 - INFO - 正在打开页面: https://epay.nju.edu.cn/epay/h5/nju/electric/index
2026-10-02 02:10:48,009 - INFO - 等待登录表单加载...
2026-10-02 02:10:48,018 - INFO - 登录表单已加载
2026-10-02 02:10:48,018 - INFO - 开始填写登录表单...
2026-10-02 02:10:48,090 - INFO - 用户名填写完成
2026-10-02 02:10:48,152 - INFO - 密码填写完成
2026-10-02 02:10:48,188 - INFO - 未检测到任何验证方式
2026-10-02 02:10:48,188 - INFO - 登录前验证方式检测: none
2026-10-02 02:10:48,188 - INFO - 未检测到传统验证码，点击登录按钮...
2026-10-02 02:10:48,188 - INFO - 查找并点击登录按钮...
2026-10-02 02:10:48,208 - INFO - 通过 ID=login_submit 找到登录按钮
2026-10-02 02:10:48,254 - INFO - 已点击登录按钮
2026-10-02 02:10:55,280 - INFO - 检测到滑块验证（sliderDiv）
2026-10-02 02:10:55,280 - INFO - 登录后验证方式检测: slider
2026-10-02 02:10:55,280 - INFO - 开始处理滑块验证...
2026-10-02 02:10:56,793 - INFO - 滑块验证第 1/3 轮尝试
2026-10-02 02:10:57,127 - INFO - 滑块缺口 box=[124,51,168,89], confidence=0.956, 截图=278px, DOM=278px, 缩放=1.00x, 拖拽偏移=124px
2026-10-02 02:10:57,128 - INFO - 滑块拖拽尝试 1/2 (偏移=124px)
2026-10-02 02:11:16,662 - INFO - 滑块验证通过（sliderDiv 元素不存在）
2026-10-02 02:11:16,662 - INFO - 滑块验证第 1 轮成功
2026-10-02 02:11:16,662 - INFO - 等待登录成功...
2026-10-02 02:11:16,672 - INFO - 检测到已跳转到电费页面: https://epay.nju.edu.cn/epay/h5/nju/electric/index
2026-10-02 02:11:17,610 - INFO - 通过 queryelectricbill 获取剩余电量: 106.56 度
2026-10-02 02:11:17,621 - INFO - 数据已保存: 106.56 度
2026-10-02 02:11:17,850 - INFO - 电量变化曲线图已保存到: /home/runner/work/nju_electric_monitor/nju_electric_monitor/src/../data/electricity_trend.png
2026-10-02 02:11:18,108 - INFO - 最近20次电量变化曲线图已保存到: /home/runner/work/nju_electric_monitor/nju_electric_monitor/src/../data/recent_20_changes.png
2026-10-02 02:11:18,109 - INFO - 当前剩余电量 106.56 度，高于告警阈值 15.0 度，不发送邮件
2026-10-02 02:11:18,109 - INFO - 监控流程完成
