2026-09-10 23:49:13,795 - INFO - Matplotlib 字体设置：使用回退字体列表，首选可用字体: Noto Sans CJK SC
2026-09-10 23:49:15,713 - INFO - 使用指定 ChromeDriver: /usr/bin/chromedriver
2026-09-10 23:49:15,849 - INFO - ddddocr 识别器初始化成功
2026-09-10 23:49:16,027 - INFO - captcha-recognizer 滑块识别模型初始化成功
2026-09-10 23:49:16,028 - INFO - 开始南京大学电费监控流程（自动无头模式）
2026-09-10 23:49:16,028 - INFO - 已初始化并清空验证码图片目录: /home/runner/work/nju_electric_monitor/nju_electric_monitor/src/../data/captcha_workflow
2026-09-10 23:49:16,028 - INFO - 正在打开页面: https://epay.nju.edu.cn/epay/h5/nju/electric/index
2026-09-10 23:49:26,887 - INFO - 等待登录表单加载...
2026-09-10 23:49:26,896 - INFO - 登录表单已加载
2026-09-10 23:49:26,896 - INFO - 开始填写登录表单...
2026-09-10 23:49:26,970 - INFO - 用户名填写完成
2026-09-10 23:49:27,033 - INFO - 密码填写完成
2026-09-10 23:49:27,066 - INFO - 未检测到任何验证方式
2026-09-10 23:49:27,066 - INFO - 登录前验证方式检测: none
2026-09-10 23:49:27,066 - INFO - 未检测到传统验证码，点击登录按钮...
2026-09-10 23:49:27,066 - INFO - 查找并点击登录按钮...
2026-09-10 23:49:27,085 - INFO - 通过 ID=login_submit 找到登录按钮
2026-09-10 23:49:27,131 - INFO - 已点击登录按钮
2026-09-10 23:49:34,156 - INFO - 检测到滑块验证（sliderDiv）
2026-09-10 23:49:34,156 - INFO - 登录后验证方式检测: slider
2026-09-10 23:49:34,156 - INFO - 开始处理滑块验证...
2026-09-10 23:49:35,668 - INFO - 滑块验证第 1/3 轮尝试
2026-09-10 23:49:35,991 - INFO - 滑块缺口 box=[173,51,213,89], confidence=0.957, 截图=278px, DOM=278px, 缩放=1.00x, 拖拽偏移=173px
2026-09-10 23:49:35,992 - INFO - 滑块拖拽尝试 1/2 (偏移=173px)
2026-09-10 23:49:53,840 - WARNING - 滑块拖拽第 1 次未通过验证
2026-09-10 23:49:54,841 - INFO - 滑块拖拽尝试 2/2 (偏移=173px)
2026-09-10 23:50:12,541 - WARNING - 滑块拖拽第 2 次未通过验证
2026-09-10 23:50:12,541 - ERROR - 滑块验证 2 次尝试均失败
2026-09-10 23:50:12,541 - WARNING - 第 1 轮滑块拖拽失败
2026-09-10 23:50:13,541 - INFO - 滑块验证第 2/3 轮尝试
2026-09-10 23:50:13,854 - INFO - 滑块缺口 box=[91,67,132,105], confidence=0.947, 截图=280px, DOM=280px, 缩放=1.00x, 拖拽偏移=91px
2026-09-10 23:50:13,854 - INFO - 滑块拖拽尝试 1/2 (偏移=91px)
2026-09-10 23:50:31,929 - INFO - 滑块验证通过（sliderDiv 元素不存在）
2026-09-10 23:50:31,929 - INFO - 滑块验证第 2 轮成功
2026-09-10 23:50:31,929 - INFO - 等待登录成功...
2026-09-10 23:50:31,940 - INFO - 检测到已跳转到电费页面: https://epay.nju.edu.cn/epay/h5/nju/electric/index
2026-09-10 23:50:32,891 - INFO - 通过 queryelectricbill 获取剩余电量: 96.33 度
2026-09-10 23:50:32,899 - INFO - 数据已保存: 96.33 度
2026-09-10 23:50:33,164 - INFO - 电量变化曲线图已保存到: /home/runner/work/nju_electric_monitor/nju_electric_monitor/src/../data/electricity_trend.png
2026-09-10 23:50:33,402 - INFO - 最近20次电量变化曲线图已保存到: /home/runner/work/nju_electric_monitor/nju_electric_monitor/src/../data/recent_20_changes.png
2026-09-10 23:50:33,402 - INFO - 当前剩余电量 96.33 度，高于告警阈值 15.0 度，不发送邮件
2026-09-10 23:50:33,402 - INFO - 监控流程完成
