2026-09-14 18:39:08,447 - INFO - Matplotlib 字体设置：使用回退字体列表，首选可用字体: Noto Sans CJK SC
2026-09-14 18:39:10,276 - INFO - 使用指定 ChromeDriver: /usr/bin/chromedriver
2026-09-14 18:39:10,343 - INFO - ddddocr 识别器初始化成功
2026-09-14 18:39:10,477 - INFO - captcha-recognizer 滑块识别模型初始化成功
2026-09-14 18:39:10,477 - INFO - 开始南京大学电费监控流程（自动无头模式）
2026-09-14 18:39:10,477 - INFO - 已初始化并清空验证码图片目录: /home/runner/work/nju_electric_monitor/nju_electric_monitor/src/../data/captcha_workflow
2026-09-14 18:39:10,477 - INFO - 正在打开页面: https://epay.nju.edu.cn/epay/h5/nju/electric/index
2026-09-14 18:39:17,490 - INFO - 等待登录表单加载...
2026-09-14 18:39:17,537 - INFO - 登录表单已加载
2026-09-14 18:39:17,538 - INFO - 开始填写登录表单...
2026-09-14 18:39:17,620 - INFO - 用户名填写完成
2026-09-14 18:39:17,680 - INFO - 密码填写完成
2026-09-14 18:39:17,717 - INFO - 未检测到任何验证方式
2026-09-14 18:39:17,717 - INFO - 登录前验证方式检测: none
2026-09-14 18:39:17,717 - INFO - 未检测到传统验证码，点击登录按钮...
2026-09-14 18:39:17,717 - INFO - 查找并点击登录按钮...
2026-09-14 18:39:17,736 - INFO - 通过 ID=login_submit 找到登录按钮
2026-09-14 18:39:17,784 - INFO - 已点击登录按钮
2026-09-14 18:39:24,809 - INFO - 检测到滑块验证（sliderDiv）
2026-09-14 18:39:24,810 - INFO - 登录后验证方式检测: slider
2026-09-14 18:39:24,810 - INFO - 开始处理滑块验证...
2026-09-14 18:39:26,323 - INFO - 滑块验证第 1/3 轮尝试
2026-09-14 18:39:26,558 - INFO - 滑块缺口 box=[171,12,212,50], confidence=0.952, 截图=278px, DOM=278px, 缩放=1.00x, 拖拽偏移=171px
2026-09-14 18:39:26,559 - INFO - 滑块拖拽尝试 1/2 (偏移=171px)
2026-09-14 18:39:44,347 - WARNING - 滑块拖拽第 1 次未通过验证
2026-09-14 18:39:45,347 - INFO - 滑块拖拽尝试 2/2 (偏移=171px)
2026-09-14 18:40:03,025 - WARNING - 滑块拖拽第 2 次未通过验证
2026-09-14 18:40:03,025 - ERROR - 滑块验证 2 次尝试均失败
2026-09-14 18:40:03,025 - WARNING - 第 1 轮滑块拖拽失败
2026-09-14 18:40:04,026 - INFO - 滑块验证第 2/3 轮尝试
2026-09-14 18:40:04,244 - INFO - 滑块缺口 box=[181,87,222,126], confidence=0.956, 截图=280px, DOM=280px, 缩放=1.00x, 拖拽偏移=181px
2026-09-14 18:40:04,244 - INFO - 滑块拖拽尝试 1/2 (偏移=181px)
2026-09-14 18:40:22,298 - WARNING - 滑块拖拽第 1 次未通过验证
2026-09-14 18:40:23,298 - INFO - 滑块拖拽尝试 2/2 (偏移=181px)
2026-09-14 18:40:41,317 - WARNING - 滑块拖拽第 2 次未通过验证
2026-09-14 18:40:41,317 - ERROR - 滑块验证 2 次尝试均失败
2026-09-14 18:40:41,317 - WARNING - 第 2 轮滑块拖拽失败
2026-09-14 18:40:42,317 - INFO - 滑块验证第 3/3 轮尝试
2026-09-14 18:40:42,542 - INFO - 滑块缺口 box=[129,87,173,125], confidence=0.957, 截图=280px, DOM=280px, 缩放=1.00x, 拖拽偏移=129px
2026-09-14 18:40:42,543 - INFO - 滑块拖拽尝试 1/2 (偏移=129px)
2026-09-14 18:41:02,857 - INFO - 滑块验证通过（sliderDiv 元素不存在）
2026-09-14 18:41:02,857 - INFO - 滑块验证第 3 轮成功
2026-09-14 18:41:02,857 - INFO - 等待登录成功...
2026-09-14 18:41:02,867 - INFO - 检测到已跳转到电费页面: https://epay.nju.edu.cn/epay/h5/nju/electric/index
2026-09-14 18:41:03,923 - INFO - 通过 queryelectricbill 获取剩余电量: 136.19 度
2026-09-14 18:41:03,932 - INFO - 数据已保存: 136.19 度
2026-09-14 18:41:04,144 - INFO - 电量变化曲线图已保存到: /home/runner/work/nju_electric_monitor/nju_electric_monitor/src/../data/electricity_trend.png
2026-09-14 18:41:04,373 - INFO - 最近20次电量变化曲线图已保存到: /home/runner/work/nju_electric_monitor/nju_electric_monitor/src/../data/recent_20_changes.png
2026-09-14 18:41:04,374 - INFO - 当前剩余电量 136.19 度，高于告警阈值 15.0 度，不发送邮件
2026-09-14 18:41:04,374 - INFO - 监控流程完成
