2026-09-23 14:26:03,337 - WARNING - findfont: Font family ['Noto Sans CJK SC'] not found. Falling back to DejaVu Sans.
2026-09-23 14:26:03,338 - INFO - Matplotlib 字体设置：使用回退字体列表，首选可用字体: Noto Sans CJK SC
2026-09-23 14:26:03,841 - WARNING - 使用指定 ChromeDriver 失败 (/usr/bin/chromedriver): Message: Service /usr/bin/chromedriver unexpectedly exited. Status code was: 3
，尝试使用 Selenium Manager 自动管理驱动
2026-09-23 14:26:13,231 - INFO - 已切换为 Selenium Manager 自动管理的 ChromeDriver
2026-09-23 14:26:13,304 - INFO - ddddocr 识别器初始化成功
2026-09-23 14:26:13,409 - INFO - captcha-recognizer 滑块识别模型初始化成功
2026-09-23 14:26:13,409 - INFO - 开始南京大学电费监控流程（自动无头模式）
2026-09-23 14:26:13,409 - INFO - 已初始化并清空验证码图片目录: /home/runner/work/nju_electric_monitor/nju_electric_monitor/src/../data/captcha_workflow
2026-09-23 14:26:13,409 - INFO - 正在打开页面: https://epay.nju.edu.cn/epay/h5/nju/electric/index
2026-09-23 14:26:24,696 - INFO - 等待登录表单加载...
2026-09-23 14:26:26,988 - INFO - 登录表单已加载
2026-09-23 14:26:26,989 - INFO - 开始填写登录表单...
2026-09-23 14:26:27,159 - INFO - 用户名填写完成
2026-09-23 14:26:27,232 - INFO - 密码填写完成
2026-09-23 14:26:27,265 - INFO - 未检测到任何验证方式
2026-09-23 14:26:27,265 - INFO - 登录前验证方式检测: none
2026-09-23 14:26:27,265 - INFO - 未检测到传统验证码，点击登录按钮...
2026-09-23 14:26:27,265 - INFO - 查找并点击登录按钮...
2026-09-23 14:26:27,289 - INFO - 通过 ID=login_submit 找到登录按钮
2026-09-23 14:26:27,339 - INFO - 已点击登录按钮
2026-09-23 14:26:34,362 - INFO - 检测到滑块验证（sliderDiv）
2026-09-23 14:26:34,362 - INFO - 登录后验证方式检测: slider
2026-09-23 14:26:34,362 - INFO - 开始处理滑块验证...
2026-09-23 14:26:35,873 - INFO - 滑块验证第 1/3 轮尝试
2026-09-23 14:26:36,211 - INFO - 滑块缺口 box=[144,67,186,105], confidence=0.960, 截图=278px, DOM=278px, 缩放=1.00x, 拖拽偏移=144px
2026-09-23 14:26:36,212 - INFO - 滑块拖拽尝试 1/2 (偏移=144px)
2026-09-23 14:26:57,643 - INFO - 滑块验证通过（sliderDiv 元素不存在）
2026-09-23 14:26:57,643 - INFO - 滑块验证第 1 轮成功
2026-09-23 14:26:57,643 - INFO - 等待登录成功...
2026-09-23 14:26:57,652 - INFO - 检测到已跳转到电费页面: https://epay.nju.edu.cn/epay/h5/nju/electric/index
2026-09-23 14:26:58,622 - INFO - 通过 queryelectricbill 获取剩余电量: 91.3 度
2026-09-23 14:26:58,632 - INFO - 数据已保存: 91.3 度
2026-09-23 14:26:58,659 - WARNING - findfont: Font family 'Noto Sans CJK SC' not found.
2026-09-23 14:26:58,660 - WARNING - findfont: Font family 'Noto Sans CJK SC' not found.
2026-09-23 14:26:58,675 - WARNING - findfont: Font family 'Noto Sans CJK SC' not found.
2026-09-23 14:26:58,675 - WARNING - findfont: Font family 'Noto Sans CJK SC' not found.
2026-09-23 14:26:58,679 - WARNING - findfont: Font family 'Noto Sans CJK SC' not found.
2026-09-23 14:26:58,680 - WARNING - findfont: Font family 'Noto Sans CJK SC' not found.
2026-09-23 14:26:58,681 - WARNING - findfont: Font family 'Noto Sans CJK SC' not found.
2026-09-23 14:26:58,683 - WARNING - findfont: Font family 'Noto Sans CJK SC' not found.
2026-09-23 14:26:58,689 - WARNING - findfont: Font family 'Noto Sans CJK SC' not found.
2026-09-23 14:26:58,693 - WARNING - findfont: Font family 'Noto Sans CJK SC' not found.
2026-09-23 14:26:58,696 - WARNING - findfont: Font family 'Noto Sans CJK SC' not found.
2026-09-23 14:26:58,696 - WARNING - findfont: Font family 'Noto Sans CJK SC' not found.
2026-09-23 14:26:58,696 - WARNING - findfont: Font family 'Noto Sans CJK SC' not found.
2026-09-23 14:26:58,702 - WARNING - findfont: Font family 'Noto Sans CJK SC' not found.
2026-09-23 14:26:58,703 - WARNING - findfont: Font family 'Noto Sans CJK SC' not found.
2026-09-23 14:26:58,709 - WARNING - findfont: Font family 'Noto Sans CJK SC' not found.
2026-09-23 14:26:58,715 - WARNING - findfont: Font family 'Noto Sans CJK SC' not found.
2026-09-23 14:26:58,715 - WARNING - findfont: Font family 'Noto Sans CJK SC' not found.
2026-09-23 14:26:58,720 - WARNING - findfont: Font family 'Noto Sans CJK SC' not found.
2026-09-23 14:26:58,723 - WARNING - findfont: Font family 'Noto Sans CJK SC' not found.
2026-09-23 14:26:58,726 - WARNING - findfont: Font family 'Noto Sans CJK SC' not found.
2026-09-23 14:26:58,726 - WARNING - findfont: Font family 'Noto Sans CJK SC' not found.
2026-09-23 14:26:58,726 - WARNING - findfont: Font family 'Noto Sans CJK SC' not found.
2026-09-23 14:26:58,735 - WARNING - findfont: Font family 'Noto Sans CJK SC' not found.
2026-09-23 14:26:58,735 - WARNING - findfont: Font family 'Noto Sans CJK SC' not found.
2026-09-23 14:26:58,737 - WARNING - findfont: Font family 'Noto Sans CJK SC' not found.
2026-09-23 14:26:58,737 - WARNING - findfont: Font family 'Noto Sans CJK SC' not found.
2026-09-23 14:26:58,766 - WARNING - findfont: Font family 'Noto Sans CJK SC' not found.
2026-09-23 14:26:58,766 - WARNING - findfont: Font family 'Noto Sans CJK SC' not found.
2026-09-23 14:26:58,767 - WARNING - findfont: Font family 'Noto Sans CJK SC' not found.
2026-09-23 14:26:58,779 - WARNING - findfont: Font family 'Noto Sans CJK SC' not found.
2026-09-23 14:26:58,779 - WARNING - findfont: Font family 'Noto Sans CJK SC' not found.
2026-09-23 14:26:58,783 - WARNING - findfont: Font family 'Noto Sans CJK SC' not found.
2026-09-23 14:26:58,784 - WARNING - findfont: Font family 'Noto Sans CJK SC' not found.
2026-09-23 14:26:58,850 - WARNING - findfont: Font family 'Noto Sans CJK SC' not found.
2026-09-23 14:26:58,850 - WARNING - findfont: Font family 'Noto Sans CJK SC' not found.
2026-09-23 14:26:58,852 - WARNING - findfont: Font family 'Noto Sans CJK SC' not found.
2026-09-23 14:26:58,852 - WARNING - findfont: Font family 'Noto Sans CJK SC' not found.
2026-09-23 14:26:58,880 - WARNING - findfont: Font family 'Noto Sans CJK SC' not found.
2026-09-23 14:26:58,880 - WARNING - findfont: Font family 'Noto Sans CJK SC' not found.
2026-09-23 14:26:58,881 - WARNING - findfont: Font family 'Noto Sans CJK SC' not found.
2026-09-23 14:26:58,893 - WARNING - findfont: Font family 'Noto Sans CJK SC' not found.
2026-09-23 14:26:58,893 - WARNING - findfont: Font family 'Noto Sans CJK SC' not found.
2026-09-23 14:26:58,897 - WARNING - findfont: Font family 'Noto Sans CJK SC' not found.
2026-09-23 14:26:58,897 - WARNING - findfont: Font family 'Noto Sans CJK SC' not found.
2026-09-23 14:26:58,900 - INFO - 电量变化曲线图已保存到: /home/runner/work/nju_electric_monitor/nju_electric_monitor/src/../data/electricity_trend.png
2026-09-23 14:26:59,149 - INFO - 最近20次电量变化曲线图已保存到: /home/runner/work/nju_electric_monitor/nju_electric_monitor/src/../data/recent_20_changes.png
2026-09-23 14:26:59,149 - INFO - 当前剩余电量 91.3 度，高于告警阈值 15.0 度，不发送邮件
2026-09-23 14:26:59,149 - INFO - 监控流程完成
