2026-10-02 08:27:40,671 - WARNING - findfont: Font family ['Noto Sans CJK SC'] not found. Falling back to DejaVu Sans.
2026-10-02 08:27:40,672 - INFO - Matplotlib 字体设置：使用回退字体列表，首选可用字体: Noto Sans CJK SC
2026-10-02 08:27:41,174 - WARNING - 使用指定 ChromeDriver 失败 (/usr/bin/chromedriver): Message: Service /usr/bin/chromedriver unexpectedly exited. Status code was: 1
，尝试使用 Selenium Manager 自动管理驱动
2026-10-02 08:27:51,445 - INFO - 已切换为 Selenium Manager 自动管理的 ChromeDriver
2026-10-02 08:27:51,496 - INFO - ddddocr 识别器初始化成功
2026-10-02 08:27:51,581 - INFO - captcha-recognizer 滑块识别模型初始化成功
2026-10-02 08:27:51,582 - INFO - 开始南京大学电费监控流程（自动无头模式）
2026-10-02 08:27:51,582 - INFO - 已初始化并清空验证码图片目录: /home/runner/work/nju_electric_monitor/nju_electric_monitor/src/../data/captcha_workflow
2026-10-02 08:27:51,582 - INFO - 正在打开页面: https://epay.nju.edu.cn/epay/h5/nju/electric/index
2026-10-02 08:28:04,670 - INFO - 等待登录表单加载...
2026-10-02 08:28:04,685 - INFO - 登录表单已加载
2026-10-02 08:28:04,685 - INFO - 开始填写登录表单...
2026-10-02 08:28:04,821 - INFO - 用户名填写完成
2026-10-02 08:28:04,865 - INFO - 密码填写完成
2026-10-02 08:28:04,891 - INFO - 未检测到任何验证方式
2026-10-02 08:28:04,891 - INFO - 登录前验证方式检测: none
2026-10-02 08:28:04,891 - INFO - 未检测到传统验证码，点击登录按钮...
2026-10-02 08:28:04,891 - INFO - 查找并点击登录按钮...
2026-10-02 08:28:04,904 - INFO - 通过 ID=login_submit 找到登录按钮
2026-10-02 08:28:04,936 - INFO - 已点击登录按钮
2026-10-02 08:28:11,955 - INFO - 检测到滑块验证（sliderDiv）
2026-10-02 08:28:11,955 - INFO - 登录后验证方式检测: slider
2026-10-02 08:28:11,955 - INFO - 开始处理滑块验证...
2026-10-02 08:28:13,464 - INFO - 滑块验证第 1/3 轮尝试
2026-10-02 08:28:13,755 - INFO - 滑块缺口 box=[113,67,155,105], confidence=0.951, 截图=278px, DOM=278px, 缩放=1.00x, 拖拽偏移=113px
2026-10-02 08:28:13,755 - INFO - 滑块拖拽尝试 1/2 (偏移=113px)
2026-10-02 08:28:32,469 - INFO - 滑块验证通过（sliderDiv 元素不存在）
2026-10-02 08:28:32,470 - INFO - 滑块验证第 1 轮成功
2026-10-02 08:28:32,470 - INFO - 等待登录成功...
2026-10-02 08:28:32,476 - INFO - 检测到已跳转到电费页面: https://epay.nju.edu.cn/epay/h5/nju/electric/index
2026-10-02 08:28:33,423 - INFO - 通过 queryelectricbill 获取剩余电量: 106.56 度
2026-10-02 08:28:33,470 - INFO - 数据已保存: 106.56 度
2026-10-02 08:28:33,489 - WARNING - findfont: Font family 'Noto Sans CJK SC' not found.
2026-10-02 08:28:33,489 - WARNING - findfont: Font family 'Noto Sans CJK SC' not found.
2026-10-02 08:28:33,500 - WARNING - findfont: Font family 'Noto Sans CJK SC' not found.
2026-10-02 08:28:33,501 - WARNING - findfont: Font family 'Noto Sans CJK SC' not found.
2026-10-02 08:28:33,504 - WARNING - findfont: Font family 'Noto Sans CJK SC' not found.
2026-10-02 08:28:33,505 - WARNING - findfont: Font family 'Noto Sans CJK SC' not found.
2026-10-02 08:28:33,505 - WARNING - findfont: Font family 'Noto Sans CJK SC' not found.
2026-10-02 08:28:33,507 - WARNING - findfont: Font family 'Noto Sans CJK SC' not found.
2026-10-02 08:28:33,511 - WARNING - findfont: Font family 'Noto Sans CJK SC' not found.
2026-10-02 08:28:33,513 - WARNING - findfont: Font family 'Noto Sans CJK SC' not found.
2026-10-02 08:28:33,516 - WARNING - findfont: Font family 'Noto Sans CJK SC' not found.
2026-10-02 08:28:33,516 - WARNING - findfont: Font family 'Noto Sans CJK SC' not found.
2026-10-02 08:28:33,516 - WARNING - findfont: Font family 'Noto Sans CJK SC' not found.
2026-10-02 08:28:33,521 - WARNING - findfont: Font family 'Noto Sans CJK SC' not found.
2026-10-02 08:28:33,521 - WARNING - findfont: Font family 'Noto Sans CJK SC' not found.
2026-10-02 08:28:33,525 - WARNING - findfont: Font family 'Noto Sans CJK SC' not found.
2026-10-02 08:28:33,529 - WARNING - findfont: Font family 'Noto Sans CJK SC' not found.
2026-10-02 08:28:33,529 - WARNING - findfont: Font family 'Noto Sans CJK SC' not found.
2026-10-02 08:28:33,532 - WARNING - findfont: Font family 'Noto Sans CJK SC' not found.
2026-10-02 08:28:33,534 - WARNING - findfont: Font family 'Noto Sans CJK SC' not found.
2026-10-02 08:28:33,537 - WARNING - findfont: Font family 'Noto Sans CJK SC' not found.
2026-10-02 08:28:33,537 - WARNING - findfont: Font family 'Noto Sans CJK SC' not found.
2026-10-02 08:28:33,537 - WARNING - findfont: Font family 'Noto Sans CJK SC' not found.
2026-10-02 08:28:33,544 - WARNING - findfont: Font family 'Noto Sans CJK SC' not found.
2026-10-02 08:28:33,544 - WARNING - findfont: Font family 'Noto Sans CJK SC' not found.
2026-10-02 08:28:33,546 - WARNING - findfont: Font family 'Noto Sans CJK SC' not found.
2026-10-02 08:28:33,546 - WARNING - findfont: Font family 'Noto Sans CJK SC' not found.
2026-10-02 08:28:33,561 - WARNING - findfont: Font family 'Noto Sans CJK SC' not found.
2026-10-02 08:28:33,561 - WARNING - findfont: Font family 'Noto Sans CJK SC' not found.
2026-10-02 08:28:33,562 - WARNING - findfont: Font family 'Noto Sans CJK SC' not found.
2026-10-02 08:28:33,571 - WARNING - findfont: Font family 'Noto Sans CJK SC' not found.
2026-10-02 08:28:33,571 - WARNING - findfont: Font family 'Noto Sans CJK SC' not found.
2026-10-02 08:28:33,574 - WARNING - findfont: Font family 'Noto Sans CJK SC' not found.
2026-10-02 08:28:33,575 - WARNING - findfont: Font family 'Noto Sans CJK SC' not found.
2026-10-02 08:28:33,625 - WARNING - findfont: Font family 'Noto Sans CJK SC' not found.
2026-10-02 08:28:33,625 - WARNING - findfont: Font family 'Noto Sans CJK SC' not found.
2026-10-02 08:28:33,626 - WARNING - findfont: Font family 'Noto Sans CJK SC' not found.
2026-10-02 08:28:33,626 - WARNING - findfont: Font family 'Noto Sans CJK SC' not found.
2026-10-02 08:28:33,641 - WARNING - findfont: Font family 'Noto Sans CJK SC' not found.
2026-10-02 08:28:33,641 - WARNING - findfont: Font family 'Noto Sans CJK SC' not found.
2026-10-02 08:28:33,642 - WARNING - findfont: Font family 'Noto Sans CJK SC' not found.
2026-10-02 08:28:33,651 - WARNING - findfont: Font family 'Noto Sans CJK SC' not found.
2026-10-02 08:28:33,651 - WARNING - findfont: Font family 'Noto Sans CJK SC' not found.
2026-10-02 08:28:33,654 - WARNING - findfont: Font family 'Noto Sans CJK SC' not found.
2026-10-02 08:28:33,654 - WARNING - findfont: Font family 'Noto Sans CJK SC' not found.
2026-10-02 08:28:33,656 - INFO - 电量变化曲线图已保存到: /home/runner/work/nju_electric_monitor/nju_electric_monitor/src/../data/electricity_trend.png
2026-10-02 08:28:33,864 - INFO - 最近20次电量变化曲线图已保存到: /home/runner/work/nju_electric_monitor/nju_electric_monitor/src/../data/recent_20_changes.png
2026-10-02 08:28:33,865 - INFO - 当前剩余电量 106.56 度，高于告警阈值 15.0 度，不发送邮件
2026-10-02 08:28:33,865 - INFO - 监控流程完成
