2026-09-12 20:46:56,439 - INFO - Matplotlib 字体设置：使用回退字体列表，首选可用字体: Noto Sans CJK SC
2026-09-12 20:46:58,344 - INFO - 使用指定 ChromeDriver: /usr/bin/chromedriver
2026-09-12 20:46:58,491 - INFO - ddddocr 识别器初始化成功
2026-09-12 20:46:58,680 - INFO - captcha-recognizer 滑块识别模型初始化成功
2026-09-12 20:46:58,680 - INFO - 开始南京大学电费监控流程（自动无头模式）
2026-09-12 20:46:58,680 - INFO - 已初始化并清空验证码图片目录: /home/runner/work/nju_electric_monitor/nju_electric_monitor/src/../data/captcha_workflow
2026-09-12 20:46:58,681 - INFO - 正在打开页面: https://epay.nju.edu.cn/epay/h5/nju/electric/index
2026-09-12 20:47:10,587 - INFO - 等待登录表单加载...
2026-09-12 20:47:10,595 - INFO - 登录表单已加载
2026-09-12 20:47:10,596 - INFO - 开始填写登录表单...
2026-09-12 20:47:10,668 - INFO - 用户名填写完成
2026-09-12 20:47:10,729 - INFO - 密码填写完成
2026-09-12 20:47:10,760 - INFO - 未检测到任何验证方式
2026-09-12 20:47:10,760 - INFO - 登录前验证方式检测: none
2026-09-12 20:47:10,760 - INFO - 未检测到传统验证码，点击登录按钮...
2026-09-12 20:47:10,760 - INFO - 查找并点击登录按钮...
2026-09-12 20:47:10,778 - INFO - 通过 ID=login_submit 找到登录按钮
2026-09-12 20:47:10,823 - INFO - 已点击登录按钮
2026-09-12 20:47:17,847 - INFO - 检测到滑块验证（sliderDiv）
2026-09-12 20:47:17,847 - INFO - 登录后验证方式检测: slider
2026-09-12 20:47:17,847 - INFO - 开始处理滑块验证...
2026-09-12 20:47:19,359 - INFO - 滑块验证第 1/3 轮尝试
2026-09-12 20:47:19,703 - INFO - 滑块缺口 box=[187,12,228,50], confidence=0.955, 截图=278px, DOM=278px, 缩放=1.00x, 拖拽偏移=187px
2026-09-12 20:47:19,703 - INFO - 滑块拖拽尝试 1/2 (偏移=187px)
2026-09-12 20:47:38,131 - WARNING - 滑块拖拽第 1 次未通过验证
2026-09-12 20:47:39,131 - INFO - 滑块拖拽尝试 2/2 (偏移=187px)
2026-09-12 20:47:57,291 - WARNING - 滑块拖拽第 2 次未通过验证
2026-09-12 20:47:57,291 - ERROR - 滑块验证 2 次尝试均失败
2026-09-12 20:47:57,291 - WARNING - 第 1 轮滑块拖拽失败
2026-09-12 20:47:58,291 - INFO - 滑块验证第 2/3 轮尝试
2026-09-12 20:47:58,715 - INFO - 滑块缺口 box=[78,51,119,89], confidence=0.950, 截图=280px, DOM=280px, 缩放=1.00x, 拖拽偏移=78px
2026-09-12 20:47:58,715 - INFO - 滑块拖拽尝试 1/2 (偏移=78px)
2026-09-12 20:48:16,216 - INFO - 滑块验证通过（sliderDiv 元素不存在）
2026-09-12 20:48:16,216 - INFO - 滑块验证第 2 轮成功
2026-09-12 20:48:16,216 - INFO - 等待登录成功...
2026-09-12 20:48:16,226 - INFO - 检测到已跳转到电费页面: https://epay.nju.edu.cn/epay/h5/nju/electric/index
2026-09-12 20:48:17,174 - INFO - 通过 queryelectricbill 获取剩余电量: 56.24 度
2026-09-12 20:48:17,182 - INFO - 数据已保存: 56.24 度
2026-09-12 20:48:17,414 - INFO - 电量变化曲线图已保存到: /home/runner/work/nju_electric_monitor/nju_electric_monitor/src/../data/electricity_trend.png
2026-09-12 20:48:17,645 - INFO - 最近20次电量变化曲线图已保存到: /home/runner/work/nju_electric_monitor/nju_electric_monitor/src/../data/recent_20_changes.png
2026-09-12 20:48:17,645 - INFO - 当前剩余电量 56.24 度，高于告警阈值 15.0 度，不发送邮件
2026-09-12 20:48:17,645 - INFO - 监控流程完成
