2026-10-08 17:28:20,689 - INFO - Matplotlib 字体设置：使用回退字体列表，首选可用字体: Noto Sans CJK SC
2026-10-08 17:28:22,624 - INFO - 使用指定 ChromeDriver: /usr/bin/chromedriver
2026-10-08 17:28:22,746 - INFO - ddddocr 识别器初始化成功
2026-10-08 17:28:22,905 - INFO - captcha-recognizer 滑块识别模型初始化成功
2026-10-08 17:28:22,905 - INFO - 开始南京大学电费监控流程（自动无头模式）
2026-10-08 17:28:22,905 - INFO - 已初始化并清空验证码图片目录: /home/runner/work/nju_electric_monitor/nju_electric_monitor/src/../data/captcha_workflow
2026-10-08 17:28:22,906 - INFO - 正在打开页面: https://epay.nju.edu.cn/epay/h5/nju/electric/index
2026-10-08 17:28:33,304 - INFO - 等待登录表单加载...
2026-10-08 17:28:33,313 - INFO - 登录表单已加载
2026-10-08 17:28:33,313 - INFO - 开始填写登录表单...
2026-10-08 17:28:33,385 - INFO - 用户名填写完成
2026-10-08 17:28:33,447 - INFO - 密码填写完成
2026-10-08 17:28:33,480 - INFO - 未检测到任何验证方式
2026-10-08 17:28:33,480 - INFO - 登录前验证方式检测: none
2026-10-08 17:28:33,480 - INFO - 未检测到传统验证码，点击登录按钮...
2026-10-08 17:28:33,480 - INFO - 查找并点击登录按钮...
2026-10-08 17:28:33,500 - INFO - 通过 ID=login_submit 找到登录按钮
2026-10-08 17:28:33,546 - INFO - 已点击登录按钮
2026-10-08 17:28:40,573 - INFO - 检测到滑块验证（sliderDiv）
2026-10-08 17:28:40,573 - INFO - 登录后验证方式检测: slider
2026-10-08 17:28:40,573 - INFO - 开始处理滑块验证...
2026-10-08 17:28:42,085 - INFO - 滑块验证第 1/3 轮尝试
2026-10-08 17:28:42,450 - INFO - 滑块缺口 box=[189,11,230,50], confidence=0.946, 截图=278px, DOM=278px, 缩放=1.00x, 拖拽偏移=189px
2026-10-08 17:28:42,450 - INFO - 滑块拖拽尝试 1/2 (偏移=189px)
2026-10-08 17:29:01,044 - WARNING - 滑块拖拽第 1 次未通过验证
2026-10-08 17:29:02,044 - INFO - 滑块拖拽尝试 2/2 (偏移=189px)
2026-10-08 17:29:20,511 - WARNING - 滑块拖拽第 2 次未通过验证
2026-10-08 17:29:20,511 - ERROR - 滑块验证 2 次尝试均失败
2026-10-08 17:29:20,511 - WARNING - 第 1 轮滑块拖拽失败
2026-10-08 17:29:21,511 - INFO - 滑块验证第 2/3 轮尝试
2026-10-08 17:29:21,833 - INFO - 滑块缺口 box=[157,12,197,50], confidence=0.951, 截图=280px, DOM=280px, 缩放=1.00x, 拖拽偏移=157px
2026-10-08 17:29:21,833 - INFO - 滑块拖拽尝试 1/2 (偏移=157px)
2026-10-08 17:29:42,867 - INFO - 滑块验证通过（sliderDiv 元素不存在）
2026-10-08 17:29:42,867 - INFO - 滑块验证第 2 轮成功
2026-10-08 17:29:42,867 - INFO - 等待登录成功...
2026-10-08 17:29:42,877 - INFO - 检测到已跳转到电费页面: https://epay.nju.edu.cn/epay/h5/nju/electric/index
2026-10-08 17:29:43,687 - INFO - 通过 queryelectricbill 获取剩余电量: 67.33 度
2026-10-08 17:29:43,697 - INFO - 数据已保存: 67.33 度
2026-10-08 17:29:43,934 - INFO - 电量变化曲线图已保存到: /home/runner/work/nju_electric_monitor/nju_electric_monitor/src/../data/electricity_trend.png
2026-10-08 17:29:44,186 - INFO - 最近20次电量变化曲线图已保存到: /home/runner/work/nju_electric_monitor/nju_electric_monitor/src/../data/recent_20_changes.png
2026-10-08 17:29:44,187 - INFO - 当前剩余电量 67.33 度，高于告警阈值 15.0 度，不发送邮件
2026-10-08 17:29:44,187 - INFO - 监控流程完成
