2026-10-03 16:46:47,482 - INFO - Matplotlib 字体设置：使用回退字体列表，首选可用字体: Noto Sans CJK SC
2026-10-03 16:46:49,396 - INFO - 使用指定 ChromeDriver: /usr/bin/chromedriver
2026-10-03 16:46:49,516 - INFO - ddddocr 识别器初始化成功
2026-10-03 16:46:49,671 - INFO - captcha-recognizer 滑块识别模型初始化成功
2026-10-03 16:46:49,672 - INFO - 开始南京大学电费监控流程（自动无头模式）
2026-10-03 16:46:49,672 - INFO - 已初始化并清空验证码图片目录: /home/runner/work/nju_electric_monitor/nju_electric_monitor/src/../data/captcha_workflow
2026-10-03 16:46:49,672 - INFO - 正在打开页面: https://epay.nju.edu.cn/epay/h5/nju/electric/index
2026-10-03 16:47:01,634 - INFO - 等待登录表单加载...
2026-10-03 16:47:01,642 - INFO - 登录表单已加载
2026-10-03 16:47:01,642 - INFO - 开始填写登录表单...
2026-10-03 16:47:01,713 - INFO - 用户名填写完成
2026-10-03 16:47:01,773 - INFO - 密码填写完成
2026-10-03 16:47:01,804 - INFO - 未检测到任何验证方式
2026-10-03 16:47:01,804 - INFO - 登录前验证方式检测: none
2026-10-03 16:47:01,804 - INFO - 未检测到传统验证码，点击登录按钮...
2026-10-03 16:47:01,805 - INFO - 查找并点击登录按钮...
2026-10-03 16:47:01,823 - INFO - 通过 ID=login_submit 找到登录按钮
2026-10-03 16:47:01,866 - INFO - 已点击登录按钮
2026-10-03 16:47:08,892 - INFO - 检测到滑块验证（sliderDiv）
2026-10-03 16:47:08,892 - INFO - 登录后验证方式检测: slider
2026-10-03 16:47:08,892 - INFO - 开始处理滑块验证...
2026-10-03 16:47:10,404 - INFO - 滑块验证第 1/3 轮尝试
2026-10-03 16:47:10,738 - INFO - 滑块缺口 box=[171,87,212,126], confidence=0.947, 截图=278px, DOM=278px, 缩放=1.00x, 拖拽偏移=171px
2026-10-03 16:47:10,738 - INFO - 滑块拖拽尝试 1/2 (偏移=171px)
2026-10-03 16:47:28,440 - WARNING - 滑块拖拽第 1 次未通过验证
2026-10-03 16:47:29,441 - INFO - 滑块拖拽尝试 2/2 (偏移=171px)
2026-10-03 16:47:46,969 - WARNING - 滑块拖拽第 2 次未通过验证
2026-10-03 16:47:46,969 - ERROR - 滑块验证 2 次尝试均失败
2026-10-03 16:47:46,969 - WARNING - 第 1 轮滑块拖拽失败
2026-10-03 16:47:47,969 - INFO - 滑块验证第 2/3 轮尝试
2026-10-03 16:47:48,308 - INFO - 滑块缺口 box=[76,51,117,90], confidence=0.950, 截图=280px, DOM=280px, 缩放=1.00x, 拖拽偏移=76px
2026-10-03 16:47:48,308 - INFO - 滑块拖拽尝试 1/2 (偏移=76px)
2026-10-03 16:48:05,792 - INFO - 滑块验证通过（sliderDiv 元素不存在）
2026-10-03 16:48:05,792 - INFO - 滑块验证第 2 轮成功
2026-10-03 16:48:05,792 - INFO - 等待登录成功...
2026-10-03 16:48:05,802 - INFO - 检测到已跳转到电费页面: https://epay.nju.edu.cn/epay/h5/nju/electric/index
2026-10-03 16:48:06,776 - INFO - 通过 queryelectricbill 获取剩余电量: 102.72 度
2026-10-03 16:48:06,786 - INFO - 数据已保存: 102.72 度
2026-10-03 16:48:07,012 - INFO - 电量变化曲线图已保存到: /home/runner/work/nju_electric_monitor/nju_electric_monitor/src/../data/electricity_trend.png
2026-10-03 16:48:07,252 - INFO - 最近20次电量变化曲线图已保存到: /home/runner/work/nju_electric_monitor/nju_electric_monitor/src/../data/recent_20_changes.png
2026-10-03 16:48:07,252 - INFO - 当前剩余电量 102.72 度，高于告警阈值 15.0 度，不发送邮件
2026-10-03 16:48:07,252 - INFO - 监控流程完成
