2026-09-15 10:04:02,663 - INFO - Matplotlib 字体设置：使用回退字体列表，首选可用字体: Noto Sans CJK SC
2026-09-15 10:04:04,659 - INFO - 使用指定 ChromeDriver: /usr/bin/chromedriver
2026-09-15 10:04:04,757 - INFO - ddddocr 识别器初始化成功
2026-09-15 10:04:04,916 - INFO - captcha-recognizer 滑块识别模型初始化成功
2026-09-15 10:04:04,917 - INFO - 开始南京大学电费监控流程（自动无头模式）
2026-09-15 10:04:04,917 - INFO - 已初始化并清空验证码图片目录: /home/runner/work/nju_electric_monitor/nju_electric_monitor/src/../data/captcha_workflow
2026-09-15 10:04:04,917 - INFO - 正在打开页面: https://epay.nju.edu.cn/epay/h5/nju/electric/index
2026-09-15 10:04:17,590 - INFO - 等待登录表单加载...
2026-09-15 10:04:17,599 - INFO - 登录表单已加载
2026-09-15 10:04:17,599 - INFO - 开始填写登录表单...
2026-09-15 10:04:17,667 - INFO - 用户名填写完成
2026-09-15 10:04:17,724 - INFO - 密码填写完成
2026-09-15 10:04:17,755 - INFO - 未检测到任何验证方式
2026-09-15 10:04:17,755 - INFO - 登录前验证方式检测: none
2026-09-15 10:04:17,755 - INFO - 未检测到传统验证码，点击登录按钮...
2026-09-15 10:04:17,755 - INFO - 查找并点击登录按钮...
2026-09-15 10:04:17,774 - INFO - 通过 ID=login_submit 找到登录按钮
2026-09-15 10:04:17,816 - INFO - 已点击登录按钮
2026-09-15 10:04:24,841 - INFO - 检测到滑块验证（sliderDiv）
2026-09-15 10:04:24,841 - INFO - 登录后验证方式检测: slider
2026-09-15 10:04:24,841 - INFO - 开始处理滑块验证...
2026-09-15 10:04:26,353 - INFO - 滑块验证第 1/3 轮尝试
2026-09-15 10:04:26,687 - INFO - 滑块缺口 box=[154,12,195,49], confidence=0.948, 截图=278px, DOM=278px, 缩放=1.00x, 拖拽偏移=154px
2026-09-15 10:04:26,687 - INFO - 滑块拖拽尝试 1/2 (偏移=154px)
2026-09-15 10:04:47,752 - INFO - 滑块验证通过（sliderDiv 元素不存在）
2026-09-15 10:04:47,752 - INFO - 滑块验证第 1 轮成功
2026-09-15 10:04:47,752 - INFO - 等待登录成功...
2026-09-15 10:04:47,761 - INFO - 检测到已跳转到电费页面: https://epay.nju.edu.cn/epay/h5/nju/electric/index
2026-09-15 10:04:48,629 - INFO - 通过 queryelectricbill 获取剩余电量: 124.68 度
2026-09-15 10:04:48,638 - INFO - 数据已保存: 124.68 度
2026-09-15 10:04:48,856 - INFO - 电量变化曲线图已保存到: /home/runner/work/nju_electric_monitor/nju_electric_monitor/src/../data/electricity_trend.png
2026-09-15 10:04:49,117 - INFO - 最近20次电量变化曲线图已保存到: /home/runner/work/nju_electric_monitor/nju_electric_monitor/src/../data/recent_20_changes.png
2026-09-15 10:04:49,117 - INFO - 当前剩余电量 124.68 度，高于告警阈值 15.0 度，不发送邮件
2026-09-15 10:04:49,117 - INFO - 监控流程完成
