2026-09-27 15:32:03,815 - INFO - Matplotlib 字体设置：使用回退字体列表，首选可用字体: Noto Sans CJK SC
2026-09-27 15:32:04,857 - INFO - 使用指定 ChromeDriver: /usr/bin/chromedriver
2026-09-27 15:32:04,903 - INFO - ddddocr 识别器初始化成功
2026-09-27 15:32:04,983 - INFO - captcha-recognizer 滑块识别模型初始化成功
2026-09-27 15:32:04,984 - INFO - 开始南京大学电费监控流程（自动无头模式）
2026-09-27 15:32:04,984 - INFO - 已初始化并清空验证码图片目录: /home/runner/work/nju_electric_monitor/nju_electric_monitor/src/../data/captcha_workflow
2026-09-27 15:32:04,984 - INFO - 正在打开页面: https://epay.nju.edu.cn/epay/h5/nju/electric/index
2026-09-27 15:32:19,063 - INFO - 等待登录表单加载...
2026-09-27 15:32:19,069 - INFO - 登录表单已加载
2026-09-27 15:32:19,069 - INFO - 开始填写登录表单...
2026-09-27 15:32:19,109 - INFO - 用户名填写完成
2026-09-27 15:32:19,143 - INFO - 密码填写完成
2026-09-27 15:32:19,162 - INFO - 未检测到任何验证方式
2026-09-27 15:32:19,162 - INFO - 登录前验证方式检测: none
2026-09-27 15:32:19,162 - INFO - 未检测到传统验证码，点击登录按钮...
2026-09-27 15:32:19,162 - INFO - 查找并点击登录按钮...
2026-09-27 15:32:19,172 - INFO - 通过 ID=login_submit 找到登录按钮
2026-09-27 15:32:19,196 - INFO - 已点击登录按钮
2026-09-27 15:32:26,211 - INFO - 检测到滑块验证（sliderDiv）
2026-09-27 15:32:26,211 - INFO - 登录后验证方式检测: slider
2026-09-27 15:32:26,211 - INFO - 开始处理滑块验证...
2026-09-27 15:32:27,718 - INFO - 滑块验证第 1/3 轮尝试
2026-09-27 15:32:27,950 - INFO - 滑块缺口 box=[182,12,227,50], confidence=0.956, 截图=278px, DOM=278px, 缩放=1.00x, 拖拽偏移=182px
2026-09-27 15:32:27,950 - INFO - 滑块拖拽尝试 1/2 (偏移=182px)
2026-09-27 15:32:46,024 - WARNING - 滑块拖拽第 1 次未通过验证
2026-09-27 15:32:47,024 - INFO - 滑块拖拽尝试 2/2 (偏移=182px)
2026-09-27 15:33:05,179 - WARNING - 滑块拖拽第 2 次未通过验证
2026-09-27 15:33:05,179 - ERROR - 滑块验证 2 次尝试均失败
2026-09-27 15:33:05,179 - WARNING - 第 1 轮滑块拖拽失败
2026-09-27 15:33:06,179 - INFO - 滑块验证第 2/3 轮尝试
2026-09-27 15:33:06,344 - INFO - 滑块缺口 box=[127,67,167,105], confidence=0.950, 截图=280px, DOM=280px, 缩放=1.00x, 拖拽偏移=127px
2026-09-27 15:33:06,344 - INFO - 滑块拖拽尝试 1/2 (偏移=127px)
2026-09-27 15:33:27,491 - INFO - 滑块验证通过（sliderDiv 元素不存在）
2026-09-27 15:33:27,491 - INFO - 滑块验证第 2 轮成功
2026-09-27 15:33:27,491 - INFO - 等待登录成功...
2026-09-27 15:33:27,496 - INFO - 检测到已跳转到电费页面: https://epay.nju.edu.cn/epay/h5/nju/electric/index
2026-09-27 15:33:28,349 - INFO - 通过 queryelectricbill 获取剩余电量: 10.46 度
2026-09-27 15:33:28,357 - INFO - 数据已保存: 10.46 度
2026-09-27 15:33:28,472 - INFO - 电量变化曲线图已保存到: /home/runner/work/nju_electric_monitor/nju_electric_monitor/src/../data/electricity_trend.png
2026-09-27 15:33:28,588 - INFO - 最近20次电量变化曲线图已保存到: /home/runner/work/nju_electric_monitor/nju_electric_monitor/src/../data/recent_20_changes.png
2026-09-27 15:33:28,588 - WARNING - 邮件提醒未配置完整的 SMTP 环境变量，跳过发送邮件
2026-09-27 15:33:28,588 - INFO - 监控流程完成
