2026-09-24 13:47:06,242 - INFO - Matplotlib 字体设置：使用回退字体列表，首选可用字体: Noto Sans CJK SC
2026-09-24 13:47:08,253 - INFO - 使用指定 ChromeDriver: /usr/bin/chromedriver
2026-09-24 13:47:08,384 - INFO - ddddocr 识别器初始化成功
2026-09-24 13:47:08,513 - INFO - captcha-recognizer 滑块识别模型初始化成功
2026-09-24 13:47:08,514 - INFO - 开始南京大学电费监控流程（自动无头模式）
2026-09-24 13:47:08,514 - INFO - 已初始化并清空验证码图片目录: /home/runner/work/nju_electric_monitor/nju_electric_monitor/src/../data/captcha_workflow
2026-09-24 13:47:08,514 - INFO - 正在打开页面: https://epay.nju.edu.cn/epay/h5/nju/electric/index
2026-09-24 13:47:21,308 - INFO - 等待登录表单加载...
2026-09-24 13:47:21,317 - INFO - 登录表单已加载
2026-09-24 13:47:21,317 - INFO - 开始填写登录表单...
2026-09-24 13:47:21,391 - INFO - 用户名填写完成
2026-09-24 13:47:21,468 - INFO - 密码填写完成
2026-09-24 13:47:21,501 - INFO - 未检测到任何验证方式
2026-09-24 13:47:21,501 - INFO - 登录前验证方式检测: none
2026-09-24 13:47:21,501 - INFO - 未检测到传统验证码，点击登录按钮...
2026-09-24 13:47:21,501 - INFO - 查找并点击登录按钮...
2026-09-24 13:47:21,520 - INFO - 通过 ID=login_submit 找到登录按钮
2026-09-24 13:47:21,566 - INFO - 已点击登录按钮
2026-09-24 13:47:28,591 - INFO - 检测到滑块验证（sliderDiv）
2026-09-24 13:47:28,591 - INFO - 登录后验证方式检测: slider
2026-09-24 13:47:28,591 - INFO - 开始处理滑块验证...
2026-09-24 13:47:30,104 - INFO - 滑块验证第 1/3 轮尝试
2026-09-24 13:47:30,445 - INFO - 滑块缺口 box=[158,87,199,125], confidence=0.956, 截图=278px, DOM=278px, 缩放=1.00x, 拖拽偏移=158px
2026-09-24 13:47:30,446 - INFO - 滑块拖拽尝试 1/2 (偏移=158px)
2026-09-24 13:47:51,906 - INFO - 滑块验证通过（sliderDiv 元素不存在）
2026-09-24 13:47:51,906 - INFO - 滑块验证第 1 轮成功
2026-09-24 13:47:51,906 - INFO - 等待登录成功...
2026-09-24 13:47:51,916 - INFO - 检测到已跳转到电费页面: https://epay.nju.edu.cn/epay/h5/nju/electric/index
2026-09-24 13:47:52,786 - INFO - 通过 queryelectricbill 获取剩余电量: 83.68 度
2026-09-24 13:47:52,795 - INFO - 数据已保存: 83.68 度
2026-09-24 13:47:53,024 - INFO - 电量变化曲线图已保存到: /home/runner/work/nju_electric_monitor/nju_electric_monitor/src/../data/electricity_trend.png
2026-09-24 13:47:53,282 - INFO - 最近20次电量变化曲线图已保存到: /home/runner/work/nju_electric_monitor/nju_electric_monitor/src/../data/recent_20_changes.png
2026-09-24 13:47:53,282 - INFO - 当前剩余电量 83.68 度，高于告警阈值 15.0 度，不发送邮件
2026-09-24 13:47:53,282 - INFO - 监控流程完成
